../Core/Src/main.c:100:5:main	32	static
../Core/Src/main.c:159:6:SystemClock_Config	80	static
../Core/Src/main.c:198:13:MX_SPI1_Init	8	static
../Core/Src/main.c:238:13:MX_TIM1_Init	40	static
../Core/Src/main.c:284:13:MX_TIM6_Init	8	static
../Core/Src/main.c:314:13:MX_GPIO_Init	48	static
../Core/Src/main.c:341:10:setTxData	24	static
../Core/Src/main.c:371:11:readADC	24	static
../Core/Src/main.c:380:6:handleReceivedData	16	static
../Core/Src/main.c:390:6:HAL_TIM_PeriodElapsedCallback	24	static
../Core/Src/main.c:425:6:Error_Handler	8	static,ignoring_inline_asm
